[39mDiligent Engine: Info: Available Vulkan instance layers: 
    VK_LAYER_NV_optimus 1.4.325
    VK_LAYER_NV_present 1.4.325
    VK_LAYER_RENDERDOC_Capture 1.4.324
    VK_LAYER_OBS_HOOK 1.3.216
    VK_LAYER_LUNARG_api_dump 1.4.341
    VK_LAYER_LUNARG_gfxreconstruct 1.4.341
    VK_LAYER_KHRONOS_synchronization2 1.4.341
    VK_LAYER_KHRONOS_validation 1.4.341
    VK_LAYER_LUNARG_monitor 1.4.341
    VK_LAYER_LUNARG_screenshot 1.4.341
    VK_LAYER_KHRONOS_profiles 1.4.341
    VK_LAYER_KHRONOS_shader_object 1.4.341
    VK_LAYER_LUNARG_crash_diagnostic 1.4.341
[39m[39mDiligent Engine: Info: Supported Vulkan instance extensions: 
    VK_KHR_device_group_creation 0.0.1
    VK_KHR_display 0.0.23
    VK_KHR_external_fence_capabilities 0.0.1
    VK_KHR_external_memory_capabilities 0.0.1
    VK_KHR_external_semaphore_capabilities 0.0.1
    VK_KHR_get_display_properties2 0.0.1
    VK_KHR_get_physical_device_properties2 0.0.2
    VK_KHR_get_surface_capabilities2 0.0.1
    VK_KHR_surface 0.0.25
    VK_KHR_surface_maintenance1 0.0.1
    VK_KHR_surface_protected_capabilities 0.0.1
    VK_KHR_win32_surface 0.0.6
    VK_EXT_debug_report 0.0.10
    VK_EXT_debug_utils 0.0.2
    VK_EXT_direct_mode_display 0.0.1
    VK_EXT_surface_maintenance1 0.0.1
    VK_EXT_swapchain_colorspace 0.0.5
    VK_NV_external_memory_capabilities 0.0.1
    VK_KHR_portability_enumeration 0.0.1
    VK_LUNARG_direct_driver_loading 0.0.1
[39m[39mDiligent Engine: Info: Using physical device 'NVIDIA GeForce RTX 4070 Ti', API version 1.4.325, Driver version 79.344.0.
[39m[39mDiligent Engine: Info: Extensions supported by device 'NVIDIA GeForce RTX 4070 Ti': 
    VK_KHR_16bit_storage 0.0.1                           VK_KHR_8bit_storage 0.0.1                          VK_KHR_acceleration_structure 0.0.13
    VK_KHR_bind_memory2 0.0.1                            VK_KHR_buffer_device_address 0.0.1                 VK_KHR_calibrated_timestamps 0.0.1
    VK_KHR_compute_shader_derivatives 0.0.1              VK_KHR_cooperative_matrix 0.0.2                    VK_KHR_copy_commands2 0.0.1
    VK_KHR_create_renderpass2 0.0.1                      VK_KHR_dedicated_allocation 0.0.3                  VK_KHR_deferred_host_operations 0.0.4
    VK_KHR_depth_clamp_zero_one 0.0.1                    VK_KHR_depth_stencil_resolve 0.0.1                 VK_KHR_descriptor_update_template 0.0.1
    VK_KHR_device_group 0.0.4                            VK_KHR_draw_indirect_count 0.0.1                   VK_KHR_driver_properties 0.0.1
    VK_KHR_dynamic_rendering 0.0.1                       VK_KHR_dynamic_rendering_local_read 0.0.1          VK_KHR_external_fence 0.0.1
    VK_KHR_external_fence_win32 0.0.1                    VK_KHR_external_memory 0.0.1                       VK_KHR_external_memory_win32 0.0.1
    VK_KHR_external_semaphore 0.0.1                      VK_KHR_external_semaphore_win32 0.0.1              VK_KHR_format_feature_flags2 0.0.2
    VK_KHR_fragment_shader_barycentric 0.0.1             VK_KHR_fragment_shading_rate 0.0.2                 VK_KHR_get_memory_requirements2 0.0.1
    VK_KHR_global_priority 0.0.1                         VK_KHR_image_format_list 0.0.1                     VK_KHR_imageless_framebuffer 0.0.1
    VK_KHR_index_type_uint8 0.0.1                        VK_KHR_line_rasterization 0.0.1                    VK_KHR_load_store_op_none 0.0.1
    VK_KHR_maintenance1 0.0.2                            VK_KHR_maintenance2 0.0.1                          VK_KHR_maintenance3 0.0.1
    VK_KHR_maintenance4 0.0.2                            VK_KHR_maintenance5 0.0.1                          VK_KHR_maintenance6 0.0.1
    VK_KHR_maintenance7 0.0.1                            VK_KHR_maintenance8 0.0.1                          VK_KHR_maintenance9 0.0.1
    VK_KHR_map_memory2 0.0.1                             VK_KHR_multiview 0.0.1                             VK_KHR_pipeline_binary 0.0.1
    VK_KHR_pipeline_executable_properties 0.0.1          VK_KHR_pipeline_library 0.0.1                      VK_KHR_present_id 0.0.1
    VK_KHR_present_id2 0.0.1                             VK_KHR_present_mode_fifo_latest_ready 0.0.1        VK_KHR_present_wait 0.0.1
    VK_KHR_present_wait2 0.0.1                           VK_KHR_push_descriptor 0.0.2                       VK_KHR_ray_query 0.0.1
    VK_KHR_ray_tracing_maintenance1 0.0.1                VK_KHR_ray_tracing_pipeline 0.0.1                  VK_KHR_ray_tracing_position_fetch 0.0.1
    VK_KHR_relaxed_block_layout 0.0.1                    VK_KHR_robustness2 0.0.1                           VK_KHR_sampler_mirror_clamp_to_edge 0.0.3
    VK_KHR_sampler_ycbcr_conversion 0.0.14               VK_KHR_separate_depth_stencil_layouts 0.0.1        VK_KHR_shader_atomic_int64 0.0.1
    VK_KHR_shader_bfloat16 0.0.1                         VK_KHR_shader_clock 0.0.1                          VK_KHR_shader_draw_parameters 0.0.1
    VK_KHR_shader_expect_assume 0.0.1                    VK_KHR_shader_float16_int8 0.0.1                   VK_KHR_shader_float_controls 0.0.4
    VK_KHR_shader_float_controls2 0.0.1                  VK_KHR_shader_integer_dot_product 0.0.1            VK_KHR_shader_maximal_reconvergence 0.0.1
    VK_KHR_shader_non_semantic_info 0.0.1                VK_KHR_shader_quad_control 0.0.1                   VK_KHR_shader_relaxed_extended_instruction 0.0.1
    VK_KHR_shader_subgroup_extended_types 0.0.1          VK_KHR_shader_subgroup_rotate 0.0.2                VK_KHR_shader_subgroup_uniform_control_flow 0.0.1
    VK_KHR_shader_terminate_invocation 0.0.1             VK_KHR_shader_untyped_pointers 0.0.1               VK_KHR_spirv_1_4 0.0.1
    VK_KHR_storage_buffer_storage_class 0.0.1            VK_KHR_swapchain 0.0.70                            VK_KHR_swapchain_maintenance1 0.0.1
    VK_KHR_swapchain_mutable_format 0.0.1                VK_KHR_synchronization2 0.0.1                      VK_KHR_timeline_semaphore 0.0.2
    VK_KHR_unified_image_layouts 0.0.1                   VK_KHR_uniform_buffer_standard_layout 0.0.1        VK_KHR_variable_pointers 0.0.1
    VK_KHR_vertex_attribute_divisor 0.0.1                VK_KHR_video_decode_av1 0.0.1                      VK_KHR_video_decode_h264 0.0.9
    VK_KHR_video_decode_h265 0.0.8                       VK_KHR_video_decode_queue 0.0.8                    VK_KHR_video_decode_vp9 0.0.1
    VK_KHR_video_encode_av1 0.0.1                        VK_KHR_video_encode_h264 0.0.14                    VK_KHR_video_encode_h265 0.0.14
    VK_KHR_video_encode_intra_refresh 0.0.1              VK_KHR_video_encode_quantization_map 0.0.2         VK_KHR_video_encode_queue 0.0.12
    VK_KHR_video_maintenance1 0.0.1                      VK_KHR_video_maintenance2 0.0.1                    VK_KHR_video_queue 0.0.8
    VK_KHR_vulkan_memory_model 0.0.3                     VK_KHR_win32_keyed_mutex 0.0.1                     VK_KHR_workgroup_memory_explicit_layout 0.0.1
    VK_KHR_zero_initialize_workgroup_memory 0.0.1        VK_EXT_4444_formats 0.0.1                          VK_EXT_attachment_feedback_loop_dynamic_state 0.0.1
    VK_EXT_attachment_feedback_loop_layout 0.0.2         VK_EXT_blend_operation_advanced 0.0.2              VK_EXT_border_color_swizzle 0.0.1
    VK_EXT_buffer_device_address 0.0.2                   VK_EXT_calibrated_timestamps 0.0.2                 VK_EXT_color_write_enable 0.0.1
    VK_EXT_conditional_rendering 0.0.2                   VK_EXT_conservative_rasterization 0.0.1            VK_EXT_custom_border_color 0.0.12
    VK_EXT_depth_bias_control 0.0.1                      VK_EXT_depth_clamp_control 0.0.1                   VK_EXT_depth_clamp_zero_one 0.0.1
    VK_EXT_depth_clip_control 0.0.1                      VK_EXT_depth_clip_enable 0.0.1                     VK_EXT_depth_range_unrestricted 0.0.1
    VK_EXT_descriptor_buffer 0.0.1                       VK_EXT_descriptor_indexing 0.0.2                   VK_EXT_device_address_binding_report 0.0.1
    VK_EXT_device_fault 0.0.2                            VK_EXT_device_generated_commands 0.0.1             VK_EXT_discard_rectangles 0.0.2
    VK_EXT_dynamic_rendering_unused_attachments 0.0.1    VK_EXT_extended_dynamic_state 0.0.1                VK_EXT_extended_dynamic_state2 0.0.1
    VK_EXT_extended_dynamic_state3 0.0.2                 VK_EXT_external_memory_host 0.0.1                  VK_EXT_fragment_shader_interlock 0.0.1
    VK_EXT_full_screen_exclusive 0.0.4                   VK_EXT_global_priority 0.0.2                       VK_EXT_global_priority_query 0.0.1
    VK_EXT_graphics_pipeline_library 0.0.1               VK_EXT_hdr_metadata 0.0.3                          VK_EXT_host_image_copy 0.0.1
    VK_EXT_host_query_reset 0.0.1                        VK_EXT_image_2d_view_of_3d 0.0.1                   VK_EXT_image_robustness 0.0.1
    VK_EXT_image_sliced_view_of_3d 0.0.1                 VK_EXT_image_view_min_lod 0.0.1                    VK_EXT_index_type_uint8 0.0.1
    VK_EXT_inline_uniform_block 0.0.1                    VK_EXT_legacy_vertex_attributes 0.0.1              VK_EXT_line_rasterization 0.0.1
    VK_EXT_load_store_op_none 0.0.1                      VK_EXT_memory_budget 0.0.1                         VK_EXT_memory_priority 0.0.1
    VK_EXT_mesh_shader 0.0.1                             VK_EXT_multi_draw 0.0.1                            VK_EXT_mutable_descriptor_type 0.0.1
    VK_EXT_nested_command_buffer 0.0.1                   VK_EXT_non_seamless_cube_map 0.0.1                 VK_EXT_opacity_micromap 0.0.2
    VK_EXT_pageable_device_local_memory 0.0.1            VK_EXT_pci_bus_info 0.0.2                          VK_EXT_pipeline_creation_cache_control 0.0.3
    VK_EXT_pipeline_creation_feedback 0.0.1              VK_EXT_pipeline_library_group_handles 0.0.1        VK_EXT_pipeline_robustness 0.0.1
    VK_EXT_post_depth_coverage 0.0.1                     VK_EXT_present_mode_fifo_latest_ready 0.0.1        VK_EXT_primitive_topology_list_restart 0.0.1
    VK_EXT_primitives_generated_query 0.0.1              VK_EXT_private_data 0.0.1                          VK_EXT_provoking_vertex 0.0.1
    VK_EXT_queue_family_foreign 0.0.1                    VK_EXT_robustness2 0.0.1                           VK_EXT_sample_locations 0.0.1
    VK_EXT_sampler_filter_minmax 0.0.2                   VK_EXT_scalar_block_layout 0.0.1                   VK_EXT_separate_stencil_usage 0.0.1
    VK_EXT_shader_atomic_float 0.0.1                     VK_EXT_shader_demote_to_helper_invocation 0.0.1    VK_EXT_shader_float8 0.0.1
    VK_EXT_shader_image_atomic_int64 0.0.1               VK_EXT_shader_module_identifier 0.0.1              VK_EXT_shader_object 0.0.1
    VK_EXT_shader_replicated_composites 0.0.1            VK_EXT_shader_subgroup_ballot 0.0.1                VK_EXT_shader_subgroup_vote 0.0.1
    VK_EXT_shader_viewport_index_layer 0.0.1             VK_EXT_subgroup_size_control 0.0.2                 VK_EXT_swapchain_maintenance1 0.0.1
    VK_EXT_texel_buffer_alignment 0.0.1                  VK_EXT_tooling_info 0.0.1                          VK_EXT_transform_feedback 0.0.1
    VK_EXT_vertex_attribute_divisor 0.0.3                VK_EXT_vertex_attribute_robustness 0.0.1           VK_EXT_vertex_input_dynamic_state 0.0.2
    VK_EXT_ycbcr_2plane_444_formats 0.0.1                VK_EXT_ycbcr_image_arrays 0.0.1                    VK_EXT_zero_initialize_device_memory 0.0.1
    VK_NV_acquire_winrt_display 0.0.1                    VK_NV_clip_space_w_scaling 0.0.1                   VK_NV_cluster_acceleration_structure 0.0.4
    VK_NV_compute_shader_derivatives 0.0.1               VK_NV_cooperative_matrix 0.0.1                     VK_NV_cooperative_matrix2 0.0.1
    VK_NV_cooperative_vector 0.0.4                       VK_NV_copy_memory_indirect 0.0.1                   VK_NV_corner_sampled_image 0.0.2
    VK_NV_coverage_reduction_mode 0.0.1                  VK_NV_cuda_kernel_launch 0.0.2                     VK_NV_dedicated_allocation 0.0.1
    VK_NV_dedicated_allocation_image_aliasing 0.0.1      VK_NV_descriptor_pool_overallocation 0.0.1         VK_NV_device_diagnostic_checkpoints 0.0.2
    VK_NV_device_diagnostics_config 0.0.2                VK_NV_device_generated_commands 0.0.3              VK_NV_device_generated_commands_compute 0.0.2
    VK_NV_disk_cache_utils 0.0.1                         VK_NV_external_compute_queue 0.0.1                 VK_NV_external_memory 0.0.1
    VK_NV_external_memory_win32 0.0.1                    VK_NV_fill_rectangle 0.0.1                         VK_NV_fragment_coverage_to_color 0.0.1
    VK_NV_fragment_shader_barycentric 0.0.1              VK_NV_fragment_shading_rate_enums 0.0.1            VK_NV_framebuffer_mixed_samples 0.0.1
    VK_NV_geometry_shader_passthrough 0.0.1              VK_NV_inherited_viewport_scissor 0.0.1             VK_NV_internal_nvpresent 0.0.1
    VK_NV_linear_color_attachment 0.0.1                  VK_NV_low_latency 0.0.1                            VK_NV_low_latency2 0.0.2
    VK_NV_memory_decompression 0.0.1                     VK_NV_mesh_shader 0.0.1                            VK_NV_optical_flow 0.0.1
    VK_NV_partitioned_acceleration_structure 0.0.1       VK_NV_present_metering 0.0.1                       VK_NV_raw_access_chains 0.0.1
    VK_NV_ray_tracing 0.0.3                              VK_NV_ray_tracing_invocation_reorder 0.0.1         VK_NV_ray_tracing_motion_blur 0.0.1
    VK_NV_representative_fragment_test 0.0.2             VK_NV_sample_mask_override_coverage 0.0.1          VK_NV_scissor_exclusive 0.0.2
    VK_NV_shader_atomic_float16_vector 0.0.1             VK_NV_shader_image_footprint 0.0.2                 VK_NV_shader_sm_builtins 0.0.1
    VK_NV_shader_subgroup_partitioned 0.0.1              VK_NV_shading_rate_image 0.0.3                     VK_NV_viewport_array2 0.0.1
    VK_NV_viewport_swizzle 0.0.1                         VK_NV_win32_keyed_mutex 0.0.2                      VK_NVX_binary_import 0.0.2
    VK_NVX_image_view_handle 0.0.3                       VK_NVX_multiview_per_view_attributes 0.0.1         VK_AMD_buffer_marker 0.0.1
    VK_GOOGLE_hlsl_functionality1 0.0.1                  VK_GOOGLE_user_type 0.0.1
[39m[39mDiligent Engine: Info: Can not disable SeparablePrograms
[39m[39mDiligent Engine: Info: GPU dynamic heap created. Total buffer size: 8.00 MB
[39m[39mDiligent Engine: Info: MemoryManager 'Global resource memory manager': created new device-local page. (16.00 MB, type idx: 1). Current allocated size: 16.00 MB
[39m[39mDiligent Engine: Info: Using SURFACE_TRANSFORM_IDENTITY swap chain pretransform
[39m[39mDiligent Engine: Info: Using VK_PRESENT_MODE_FIFO_RELAXED_KHR swap chain present mode
[39m[93mDiligent Engine: Warning: Vulkan debug message (performance): WARNING-Shader-OutputNotConsumed
                 vkCreateGraphicsPipelines(): pCreateInfos[0].pVertexInputState Vertex attribute at location 1 not consumed by vertex shader.
                 Object[0] (shader module): Handle 0x630000000063, Name: 'SolidRectVertexShader'
[39m[93mDiligent Engine: Warning: Vulkan debug message (performance): WARNING-Shader-OutputNotConsumed
                 vkCreateGraphicsPipelines(): pCreateInfos[0].pVertexInputState Vertex attribute at location 1 not consumed by vertex shader.
                 Object[0] (shader module): Handle 0x680000000068, Name: 'SolidRectVertexShader'
[39m[39mDiligent Engine: Info: MemoryManager 'Global resource memory manager': created new host-visible page. (16.00 MB, type idx: 2). Current allocated size: 16.00 MB
[39m[39mDiligent Engine: Info: Allocated new descriptor pool
[39m[39mDiligent Engine: Info: Resizing the swap chain to 900x1163
[39m[39mDiligent Engine: Info: Using SURFACE_TRANSFORM_IDENTITY swap chain pretransform
[39m[39mDiligent Engine: Info: Using VK_PRESENT_MODE_FIFO_RELAXED_KHR swap chain present mode
[39m[39mDiligent Engine: Info: MemoryManager 'Global resource memory manager': created new device-local page. (16.00 MB, type idx: 1). Current allocated size: 32.00 MB
[39m[39mDiligent Engine: Info: Resizing the swap chain to 900x1157
[39m[39mDiligent Engine: Info: Using SURFACE_TRANSFORM_IDENTITY swap chain pretransform
[39m[39mDiligent Engine: Info: Using VK_PRESENT_MODE_FIFO_RELAXED_KHR swap chain present mode
[39m[39mDiligent Engine: Info: MemoryManager 'Global resource memory manager': created new device-local page. (16.00 MB, type idx: 1). Current allocated size: 48.00 MB
[39m[39mDiligent Engine: Info: Dynamic descriptor set allocator of deferred context #1 peak descriptor pool count: 1
[39m[39mDiligent Engine: Info: Dynamic heap of deferred context #1 usage stats:
                       Peak used/aligned/allocated size: 64.18 KB / 64.27 KB / 256.00 KB (1 page). Peak efficiency (used/aligned): 99.9%. Peak utilization (used/allocated): 25.1%
[39m[39mDiligent Engine: Info: Upload heap of deferred context #1 peak used/allocated frame size: 0 Bytes / 0 Bytes (0 pages)
[39m[39mDiligent Engine: Info: Dynamic descriptor set allocator of immediate context peak descriptor pool count: 0
[39m[39mDiligent Engine: Info: Dynamic heap of immediate context usage stats:
                       Peak used/aligned/allocated size: 0 Bytes / 0 Bytes / 0 Bytes (0 pages). Peak efficiency (used/aligned): 0.0%. Peak utilization (used/allocated): 0.0%
[39m[39mDiligent Engine: Info: Upload heap of immediate context peak used/allocated frame size: 0 Bytes / 0 Bytes (0 pages)
[39m